// Jest Snapshot v1, https://goo.gl/fbAQLP

exports[`Slider should render correctly 1`] = `
<div>
  <div
    className="swiper"
  >
    <div
      className="swiper-wrapper"
    >
      <div
        className="swiper-slide"
      >
        <div
          className="slide"
        >
          Slide Content
        </div>
      </div>
      <div
        className="swiper-slide"
      >
        <div
          className="slide"
        >
          Slide Content
        </div>
      </div>
      <div
        className="swiper-slide"
      >
        <div
          className="slide"
        >
          Slide Content
        </div>
      </div>
    </div>
    <div
      className="swiper-scrollbar swiper-scrollbar-test-slider"
    />
    <div
      className="swiper-button-prev swiper-button-prev-test-slider"
    >
      <i
        className="fas fa-arrow-circle-left"
      />
    </div>
    <div
      className="swiper-button-next swiper-button-next-test-slider"
    >
      <i
        className="fas fa-arrow-circle-right"
      />
    </div>
    <div
      className="swiper-pagination swiper-pagination-test-slider"
    />
  </div>
</div>
`;
